0: [2009-Apr-10 23:48:08.585359] [0x9cd2ed8] - Slept 0 seconds - Baz-Step executed
1: [2009-Apr-10 23:48:09.085283] [0x9cd2b40] - Slept 1 seconds - Baz-Step executed
2: [2009-Apr-10 23:48:09.086630] [0x9cd2ed8] - Slept 1 seconds - Baz-Step executed
3: [2009-Apr-10 23:48:09.586890] [0x9cd2ed8] - Slept 0 seconds - Baz-Step executed
4: [2009-Apr-10 23:48:10.085764] [0x9cd2b40] - Slept 1 seconds - Baz-Step executed
5: [2009-Apr-10 23:48:10.087219] [0x9cd2ed8] - Slept 1 seconds - Baz-Step executed
6: [2009-Apr-10 23:48:10.587536] [0x9cd2ed8] - Slept 0 seconds - Baz-Step executed
7: [2009-Apr-10 23:48:11.086192] [0x9cd2b40] - Slept 1 seconds - Baz-Step executed
8: [2009-Apr-10 23:48:11.087911] [0x9cd2ed8] - Slept 1 seconds - Baz-Step executed
9: [2009-Apr-10 23:48:11.588199] [0x9cd2ed8] - Slept 0 seconds - Baz-Step executed
10: [2009-Apr-10 23:48:12.086623] [0x9cd2b40] - Slept 1 seconds - Baz-Step executed
11: [2009-Apr-10 23:48:12.088580] [0x9cd2ed8] - Slept 1 seconds - Baz-Step executed
12: [2009-Apr-10 23:48:12.588888] [0x9cd2ed8] - Slept 0 seconds - Baz-Step executed
13: [2009-Apr-10 23:48:13.087044] [0x9cd2b40] - Slept 1 seconds - Baz-Step executed
14: [2009-Apr-10 23:48:13.089242] [0x9cd2ed8] - Slept 1 seconds - Baz-Step executed
15: [2009-Apr-10 23:48:13.589537] [0x9cd2ed8] - Slept 0 seconds - Baz-Step executed
16: [2009-Apr-10 23:48:14.087464] [0x9cd2b40] - Slept 1 seconds - Baz-Step executed
17: [2009-Apr-10 23:48:15.087879] [0x9cd2b40] - Slept 1 seconds - Baz-Step executed
18: [2009-Apr-10 23:48:16.088244] [0x9cd2b40] - Slept 1 seconds - Baz-Step executed
19: [2009-Apr-10 23:48:17.088510] [0x9cd2b40] - Slept 1 seconds - Baz-Step executed
20: [2009-Apr-10 23:48:18.088774] [0x9cd2b40] - Slept 1 seconds - Baz-Step executed
21: [2009-Apr-10 23:48:19.089073] [0x9cd2b40] - Slept 1 seconds - Baz-Step executed
